[weblearnbd.net/tphtml/bioxlab/bioxlab/index-3.html]
[backblue.gif]
[fade.gif]
[index.html]
[weblearnbd.net/tphtml/bioxlab/bioxlab/assets/img/logo/favicon.png]
[weblearnbd.net/tphtml/bioxlab/bioxlab/assets/css/bootstrap.min.css]
[weblearnbd.net/tphtml/bioxlab/bioxlab/assets/css/animate.css]
[weblearnbd.net/tphtml/bioxlab/bioxlab/assets/css/swiper-bundle.css]
[weblearnbd.net/tphtml/bioxlab/bioxlab/assets/css/slick.css]
[weblearnbd.net/tphtml/bioxlab/bioxlab/assets/css/aos.css]
[weblearnbd.net/tphtml/bioxlab/bioxlab/assets/css/magnific-popup.css]
[weblearnbd.net/tphtml/bioxlab/bioxlab/assets/css/font-awesome-pro.css]
[weblearnbd.net/tphtml/bioxlab/bioxlab/assets/css/flaticon.css]
[weblearnbd.net/tphtml/bioxlab/bioxlab/assets/css/spacing.css]
[weblearnbd.net/tphtml/bioxlab/bioxlab/assets/css/nice-select.css]
[weblearnbd.net/tphtml/bioxlab/bioxlab/assets/css/meanmenu.css]
[weblearnbd.net/tphtml/bioxlab/bioxlab/assets/css/style.css]
[weblearnbd.net/tphtml/bioxlab/bioxlab/assets/img/preloader.png]
[weblearnbd.net/tphtml/bioxlab/bioxlab/index.html]
[weblearnbd.net/tphtml/bioxlab/bioxlab/assets/img/logo/sidebar-logo.png]
[weblearnbd.net/tphtml/bioxlab/bioxlab/index-2.html]
[weblearnbd.net/tphtml/bioxlab/bioxlab/about.html]
[weblearnbd.net/tphtml/bioxlab/bioxlab/team-01.html]
[weblearnbd.net/tphtml/bioxlab/bioxlab/team-02.html]
[weblearnbd.net/tphtml/bioxlab/bioxlab/team-details.html]
[weblearnbd.net/tphtml/bioxlab/bioxlab/portfolio-details.html]
[weblearnbd.net/tphtml/bioxlab/bioxlab/priceing-plan.html]
[weblearnbd.net/tphtml/bioxlab/bioxlab/shop.html]
[weblearnbd.net/tphtml/bioxlab/bioxlab/shop-details.html]
[weblearnbd.net/tphtml/bioxlab/bioxlab/cart.html]
[weblearnbd.net/tphtml/bioxlab/bioxlab/checkout.html]
[weblearnbd.net/tphtml/bioxlab/bioxlab/faq.html]
[weblearnbd.net/tphtml/bioxlab/bioxlab/services-01.html]
[weblearnbd.net/tphtml/bioxlab/bioxlab/services-02.html]
[weblearnbd.net/tphtml/bioxlab/bioxlab/services-03.html]
[weblearnbd.net/tphtml/bioxlab/bioxlab/services-details.html]
[weblearnbd.net/tphtml/bioxlab/bioxlab/research.html]
[weblearnbd.net/tphtml/bioxlab/bioxlab/blog.html]
[weblearnbd.net/tphtml/bioxlab/bioxlab/blog-details.html]
[weblearnbd.net/tphtml/bioxlab/bioxlab/contact.html]
[weblearnbd.net/tphtml/bioxlab/bioxlab/assets/img/logo/logo.png]
[weblearnbd.net/tphtml/bioxlab/bioxlab/assets/img/logo/white-logo.png]
[weblearnbd.net/tphtml/bioxlab/bioxlab/assets/img/blog/blog-in-01.jpg]
[weblearnbd.net/tphtml/bioxlab/bioxlab/assets/img/blog/blog-in-02.jpg]
[weblearnbd.net/tphtml/bioxlab/bioxlab/assets/img/blog/blog-in-03.jpg]
[weblearnbd.net/tphtml/bioxlab/bioxlab/assets/img/banner/hero-bg-01.jpg]
[weblearnbd.net/tphtml/bioxlab/bioxlab/assets/img/shape/hero-shape-01.png]
[weblearnbd.net/tphtml/bioxlab/bioxlab/assets/img/about/about-bg-07.jpg]
[weblearnbd.net/tphtml/bioxlab/bioxlab/assets/img/shape/shape-bg-01.png]
[weblearnbd.net/tphtml/bioxlab/bioxlab/assets/img/services/services-thumb-01.jpg]
[weblearnbd.net/tphtml/bioxlab/bioxlab/assets/img/services/services-thumb-02.jpg]
[weblearnbd.net/tphtml/bioxlab/bioxlab/assets/img/services/services-thumb-03.jpg]
[weblearnbd.net/tphtml/bioxlab/bioxlab/assets/img/services/services-thumb-04.jpg]
[weblearnbd.net/tphtml/bioxlab/bioxlab/assets/img/services/services-thumb-05.jpg]
[weblearnbd.net/tphtml/bioxlab/bioxlab/assets/img/services/services-thumb-06.jpg]
[weblearnbd.net/tphtml/bioxlab/bioxlab/assets/img/shape/navtabs-01.png]
[weblearnbd.net/tphtml/bioxlab/bioxlab/assets/img/tab/tab-thumb-03.jpg]
[weblearnbd.net/tphtml/bioxlab/bioxlab/assets/img/tab/tab-thumb-04.jpg]
[weblearnbd.net/tphtml/bioxlab/bioxlab/assets/img/tab/tab-thumb-01.jpg]
[weblearnbd.net/tphtml/bioxlab/bioxlab/assets/img/tab/tab-thumb-02.jpg]
[weblearnbd.net/tphtml/bioxlab/bioxlab/assets/img/banner/tp-video-bg-01.jpg]
[weblearnbd.net/tphtml/bioxlab/bioxlab/assets/img/icon/testi-ava-04.png]
[weblearnbd.net/tphtml/bioxlab/bioxlab/assets/img/icon/testi-ava-05.png]
[weblearnbd.net/tphtml/bioxlab/bioxlab/assets/img/icon/testi-ava-06.png]
[weblearnbd.net/tphtml/bioxlab/bioxlab/assets/img/icon/testi-ava-07.png]
[weblearnbd.net/tphtml/bioxlab/bioxlab/assets/img/shape/shape-bg-09.png]
[weblearnbd.net/tphtml/bioxlab/bioxlab/assets/img/blog/blog-thumb-07.jpg]
[weblearnbd.net/tphtml/bioxlab/bioxlab/assets/img/icon/blog-ava-01.png]
[weblearnbd.net/tphtml/bioxlab/bioxlab/assets/img/blog/blog-thumb-08.jpg]
[weblearnbd.net/tphtml/bioxlab/bioxlab/assets/img/icon/blog-ava-02.png]
[weblearnbd.net/tphtml/bioxlab/bioxlab/assets/img/blog/blog-thumb-09.jpg]
[weblearnbd.net/tphtml/bioxlab/bioxlab/assets/img/icon/blog-ava-03.png]
[weblearnbd.net/tphtml/bioxlab/bioxlab/assets/img/shape/shape-bg-10.png]
[weblearnbd.net/tphtml/bioxlab/bioxlab/assets/img/brand/brand-01.png]
[weblearnbd.net/tphtml/bioxlab/bioxlab/assets/img/brand/brand-02.png]
[weblearnbd.net/tphtml/bioxlab/bioxlab/assets/img/brand/brand-03.png]
[weblearnbd.net/tphtml/bioxlab/bioxlab/assets/img/brand/brand-04.png]
[weblearnbd.net/tphtml/bioxlab/bioxlab/assets/img/brand/brand-05.png]
[weblearnbd.net/cdn-cgi/scripts/5c5dd728/cloudflare-static/email-decode.min.js]
[weblearnbd.net/tphtml/bioxlab/bioxlab/assets/js/jquery.js]
[weblearnbd.net/tphtml/bioxlab/bioxlab/assets/js/waypoints.js]
[weblearnbd.net/tphtml/bioxlab/bioxlab/assets/js/bootstrap.bundle.min.js]
[weblearnbd.net/tphtml/bioxlab/bioxlab/assets/js/swiper-bundle.js]
[weblearnbd.net/tphtml/bioxlab/bioxlab/assets/js/slick.js]
[weblearnbd.net/tphtml/bioxlab/bioxlab/assets/js/magnific-popup.js]
[weblearnbd.net/tphtml/bioxlab/bioxlab/assets/js/counterup.js]
[weblearnbd.net/tphtml/bioxlab/bioxlab/assets/js/wow.js]
[weblearnbd.net/tphtml/bioxlab/bioxlab/assets/js/isotope-pkgd.js]
[weblearnbd.net/tphtml/bioxlab/bioxlab/assets/js/imagesloaded-pkgd.js]
[weblearnbd.net/tphtml/bioxlab/bioxlab/assets/js/ajax-form.js]
[weblearnbd.net/tphtml/bioxlab/bioxlab/assets/js/aos.js]
[weblearnbd.net/tphtml/bioxlab/bioxlab/assets/js/meanmenu.js]
[weblearnbd.net/tphtml/bioxlab/bioxlab/assets/js/nice-select.js]
[weblearnbd.net/tphtml/bioxlab/bioxlab/assets/js/jquery.appear.js]
[weblearnbd.net/tphtml/bioxlab/bioxlab/assets/js/jquery.knob.js]
[weblearnbd.net/tphtml/bioxlab/bioxlab/assets/js/main.js]
[weblearnbd.net/tphtml/bioxlab/bioxlab/index-3.html]
[weblearnbd.net/tphtml/bioxlab/bioxlab/assets/css/bootstrap.min.css]
[weblearnbd.net/tphtml/bioxlab/bioxlab/assets/css/animate.css]
[weblearnbd.net/tphtml/bioxlab/bioxlab/assets/css/swiper-bundle.css]
[weblearnbd.net/tphtml/bioxlab/bioxlab/assets/css/slick.css]
[weblearnbd.net/tphtml/bioxlab/bioxlab/assets/css/aos.css]
[weblearnbd.net/tphtml/bioxlab/bioxlab/assets/css/magnific-popup.css]
[weblearnbd.net/tphtml/bioxlab/bioxlab/assets/fonts/fa-brands-400.woff2]
[weblearnbd.net/tphtml/bioxlab/bioxlab/assets/fonts/fa-brands-400.ttf]
[weblearnbd.net/tphtml/bioxlab/bioxlab/assets/fonts/fa-duotone-900.woff2]
[weblearnbd.net/tphtml/bioxlab/bioxlab/assets/fonts/fa-duotone-900.ttf]
[weblearnbd.net/tphtml/bioxlab/bioxlab/assets/fonts/fa-light-300.woff2]
[weblearnbd.net/tphtml/bioxlab/bioxlab/assets/fonts/fa-light-300.ttf]
[weblearnbd.net/tphtml/bioxlab/bioxlab/assets/fonts/fa-regular-400.woff2]
[weblearnbd.net/tphtml/bioxlab/bioxlab/assets/fonts/fa-regular-400.ttf]
[weblearnbd.net/tphtml/bioxlab/bioxlab/assets/fonts/fa-solid-900.woff2]
[weblearnbd.net/tphtml/bioxlab/bioxlab/assets/fonts/fa-solid-900.ttf]
[weblearnbd.net/tphtml/bioxlab/bioxlab/assets/fonts/fa-thin-100.woff2]
[weblearnbd.net/tphtml/bioxlab/bioxlab/assets/fonts/fa-v4compatibility.woff2]
[weblearnbd.net/tphtml/bioxlab/bioxlab/assets/fonts/fa-thin-100.ttf]
[weblearnbd.net/tphtml/bioxlab/bioxlab/assets/fonts/fa-v4compatibility.ttf]
[weblearnbd.net/tphtml/bioxlab/bioxlab/assets/css/font-awesome-pro.css]
[weblearnbd.net/tphtml/bioxlab/bioxlab/assets/fonts/flaticon.woff2]
[weblearnbd.net/tphtml/bioxlab/bioxlab/assets/fonts/index.html]
[weblearnbd.net/tphtml/bioxlab/bioxlab/assets/fonts/flaticon.eot]
[weblearnbd.net/tphtml/bioxlab/bioxlab/assets/fonts/flaticon.svg]
[weblearnbd.net/tphtml/bioxlab/bioxlab/assets/css/flaticon.css]
[weblearnbd.net/tphtml/bioxlab/bioxlab/assets/css/spacing.css]
[weblearnbd.net/tphtml/bioxlab/bioxlab/assets/css/nice-select.css]
[weblearnbd.net/tphtml/bioxlab/bioxlab/assets/css/meanmenu.css]
[weblearnbd.net/tphtml/bioxlab/bioxlab/assets/css/style.css]
[weblearnbd.net/tphtml/bioxlab/bioxlab/assets/img/banner/banner-01.png]
[weblearnbd.net/tphtml/bioxlab/bioxlab/assets/img/about/about-bg-01.png]
[weblearnbd.net/tphtml/bioxlab/bioxlab/assets/img/gallery/gal-thum-01.jpg]
[weblearnbd.net/tphtml/bioxlab/bioxlab/assets/img/gallery/gal-thum-02.jpg]
[weblearnbd.net/tphtml/bioxlab/bioxlab/assets/img/gallery/gal-thum-03.jpg]
[weblearnbd.net/tphtml/bioxlab/bioxlab/assets/img/gallery/gal-thum-04.jpg]
[weblearnbd.net/tphtml/bioxlab/bioxlab/assets/img/gallery/gal-thum-05.jpg]
[weblearnbd.net/tphtml/bioxlab/bioxlab/assets/img/banner/appoinment-01.jpg]
[weblearnbd.net/tphtml/bioxlab/bioxlab/assets/img/team/team-thumb-01.jpg]
[weblearnbd.net/tphtml/bioxlab/bioxlab/assets/img/team/team-thumb-02.jpg]
[weblearnbd.net/tphtml/bioxlab/bioxlab/assets/img/team/team-thumb-03.jpg]
[weblearnbd.net/tphtml/bioxlab/bioxlab/assets/img/team/team-thumb-04.jpg]
[weblearnbd.net/tphtml/bioxlab/bioxlab/assets/img/shape/shape-bg-02.png]
[weblearnbd.net/tphtml/bioxlab/bioxlab/assets/img/icon/testi-ava-01.jpg]
[weblearnbd.net/tphtml/bioxlab/bioxlab/assets/img/icon/testi-ava-02.jpg]
[weblearnbd.net/tphtml/bioxlab/bioxlab/assets/img/icon/testi-ava-03.jpg]
[weblearnbd.net/tphtml/bioxlab/bioxlab/assets/img/shape/shape-bg-03.png]
[weblearnbd.net/tphtml/bioxlab/bioxlab/assets/img/blog/blog-thumb-01.jpg]
[weblearnbd.net/tphtml/bioxlab/bioxlab/assets/img/blog/blog-thumb-02.jpg]
[weblearnbd.net/tphtml/bioxlab/bioxlab/assets/img/blog/blog-thumb-03.jpg]
[weblearnbd.net/tphtml/bioxlab/bioxlab/assets/img/blog/blog-thumb-04.jpg]
[weblearnbd.net/tphtml/bioxlab/bioxlab/index.html]
[weblearnbd.net/tphtml/bioxlab/bioxlab/assets/img/shop/shop-05.jpg]
[weblearnbd.net/tphtml/bioxlab/bioxlab/assets/img/shop/shop-09.jpg]
[weblearnbd.net/tphtml/bioxlab/bioxlab/assets/img/slider/slider-bg-1.png]
[weblearnbd.net/tphtml/bioxlab/bioxlab/assets/img/slider/slider-bg-2.png]
[weblearnbd.net/tphtml/bioxlab/bioxlab/assets/img/slider/slider-bg-3.png]
[weblearnbd.net/tphtml/bioxlab/bioxlab/assets/img/shape/shape-bg-05.png]
[weblearnbd.net/tphtml/bioxlab/bioxlab/assets/img/about/about-bg-02.png]
[weblearnbd.net/tphtml/bioxlab/bioxlab/assets/img/about/about-bg-03.png]
[weblearnbd.net/tphtml/bioxlab/bioxlab/assets/img/shape/shape-bg-04.png]
[weblearnbd.net/tphtml/bioxlab/bioxlab/assets/img/shape/logo-shape-1.png]
[weblearnbd.net/tphtml/bioxlab/bioxlab/assets/img/shape/shape-bg-06.png]
[weblearnbd.net/tphtml/bioxlab/bioxlab/assets/img/gallery/gallery-thumb-bg-1.jpg]
[weblearnbd.net/tphtml/bioxlab/bioxlab/assets/img/gallery/gallery-thumb-bg-2.jpg]
[weblearnbd.net/tphtml/bioxlab/bioxlab/assets/img/gallery/gallery-thumb-bg-3.jpg]
[weblearnbd.net/tphtml/bioxlab/bioxlab/assets/img/gallery/gallery-thumb-bg-4.jpg]
[weblearnbd.net/tphtml/bioxlab/bioxlab/assets/img/gallery/gallery-thumb-bg-5.jpg]
[weblearnbd.net/tphtml/bioxlab/bioxlab/assets/img/shape/shape-bg-07.png]
[weblearnbd.net/tphtml/bioxlab/bioxlab/assets/img/shape/shape-bg-08.png]
[weblearnbd.net/tphtml/bioxlab/bioxlab/assets/img/banner/appoinment-02.png]
[weblearnbd.net/tphtml/bioxlab/bioxlab/assets/img/team/team-thumb-05.png]
[weblearnbd.net/tphtml/bioxlab/bioxlab/assets/img/team/team-thumb-06.png]
[weblearnbd.net/tphtml/bioxlab/bioxlab/assets/img/team/team-thumb-07.png]
[weblearnbd.net/tphtml/bioxlab/bioxlab/assets/img/team/team-thumb-08.png]
[weblearnbd.net/tphtml/bioxlab/bioxlab/assets/img/blog/blog-thumb-05.jpg]
[weblearnbd.net/tphtml/bioxlab/bioxlab/index-2.html]
[weblearnbd.net/tphtml/bioxlab/bioxlab/assets/img/blog/blog-thumb-06.jpg]
[weblearnbd.net/tphtml/bioxlab/bioxlab/assets/img/banner/breadcrumb-01.jpg]
[weblearnbd.net/tphtml/bioxlab/bioxlab/assets/img/about/about-bg-04.jpg]
[weblearnbd.net/tphtml/bioxlab/bioxlab/assets/img/about/about-bg-05.jpg]
[weblearnbd.net/tphtml/bioxlab/bioxlab/assets/img/about/about-bg-06.jpg]
[weblearnbd.net/tphtml/bioxlab/bioxlab/about.html]
[weblearnbd.net/tphtml/bioxlab/bioxlab/assets/img/team/team-thumb-10.jpg]
[weblearnbd.net/tphtml/bioxlab/bioxlab/assets/img/team/team-thumb-11.jpg]
[weblearnbd.net/tphtml/bioxlab/bioxlab/assets/img/team/team-thumb-12.jpg]
[weblearnbd.net/tphtml/bioxlab/bioxlab/assets/img/team/team-thumb-13.jpg]
[weblearnbd.net/tphtml/bioxlab/bioxlab/team-01.html]
[weblearnbd.net/tphtml/bioxlab/bioxlab/assets/img/team/team-thumb-05.jpg]
[weblearnbd.net/tphtml/bioxlab/bioxlab/assets/img/team/team-thumb-06.jpg]
[weblearnbd.net/tphtml/bioxlab/bioxlab/team-02.html]
[weblearnbd.net/tphtml/bioxlab/bioxlab/assets/img/team/team-details-01.jpg]
[weblearnbd.net/tphtml/bioxlab/bioxlab/team-details.html]
[weblearnbd.net/tphtml/bioxlab/bioxlab/assets/img/gallery/project-01.jpg]
[weblearnbd.net/tphtml/bioxlab/bioxlab/assets/img/gallery/project-02.jpg]
[weblearnbd.net/tphtml/bioxlab/bioxlab/portfolio-details.html]
[weblearnbd.net/tphtml/bioxlab/bioxlab/priceing-plan.html]
[weblearnbd.net/tphtml/bioxlab/bioxlab/assets/img/shop/shop-01.jpg]
[weblearnbd.net/tphtml/bioxlab/bioxlab/assets/img/shop/shop-02.jpg]
[weblearnbd.net/tphtml/bioxlab/bioxlab/assets/img/shop/shop-03.jpg]
[weblearnbd.net/tphtml/bioxlab/bioxlab/assets/img/shop/shop-04.jpg]
[weblearnbd.net/tphtml/bioxlab/bioxlab/assets/img/shop/shop-06.jpg]
[weblearnbd.net/tphtml/bioxlab/bioxlab/assets/img/shop/shop-07.jpg]
[weblearnbd.net/tphtml/bioxlab/bioxlab/assets/img/shop/shop-08.jpg]
[weblearnbd.net/tphtml/bioxlab/bioxlab/assets/img/shop/shop-10.jpg]
[weblearnbd.net/tphtml/bioxlab/bioxlab/assets/img/shop/shop-11.jpg]
[weblearnbd.net/tphtml/bioxlab/bioxlab/assets/img/shop/shop-12.jpg]
[weblearnbd.net/tphtml/bioxlab/bioxlab/shop.html]
[weblearnbd.net/tphtml/bioxlab/bioxlab/assets/img/shop/product-01.jpg]
[weblearnbd.net/tphtml/bioxlab/bioxlab/assets/img/shop/reviewer-01.png]
[weblearnbd.net/tphtml/bioxlab/bioxlab/assets/img/shop/reviewer-02.png]
[weblearnbd.net/tphtml/bioxlab/bioxlab/assets/img/shop/reviewer-03.png]
[weblearnbd.net/tphtml/bioxlab/bioxlab/shop-details.html]
[weblearnbd.net/tphtml/bioxlab/bioxlab/cart.html]
[weblearnbd.net/tphtml/bioxlab/bioxlab/checkout.html]
[weblearnbd.net/tphtml/bioxlab/bioxlab/faq.html]
[weblearnbd.net/tphtml/bioxlab/bioxlab/services-01.html]
[weblearnbd.net/tphtml/bioxlab/bioxlab/assets/img/banner/video-bg-01.jpg]
[weblearnbd.net/tphtml/bioxlab/bioxlab/services-02.html]
[weblearnbd.net/tphtml/bioxlab/bioxlab/assets/img/banner/process-bg-01.jpg]
[weblearnbd.net/tphtml/bioxlab/bioxlab/services-03.html]
[weblearnbd.net/tphtml/bioxlab/bioxlab/assets/img/services/services-thumb-07.jpg]
[weblearnbd.net/tphtml/bioxlab/bioxlab/assets/img/services/services-thumb-08.jpg]
[weblearnbd.net/tphtml/bioxlab/bioxlab/assets/img/services/services-thumb-09.jpg]
[weblearnbd.net/tphtml/bioxlab/bioxlab/services-details.html]
[weblearnbd.net/tphtml/bioxlab/bioxlab/assets/img/research/research-thumb-01.jpg]
[weblearnbd.net/tphtml/bioxlab/bioxlab/assets/img/research/research-thumb-02.jpg]
[weblearnbd.net/tphtml/bioxlab/bioxlab/assets/img/research/research-thumb-03.jpg]
[weblearnbd.net/tphtml/bioxlab/bioxlab/assets/img/research/research-thumb-04.jpg]
[weblearnbd.net/tphtml/bioxlab/bioxlab/assets/img/research/research-thumb-05.jpg]
[weblearnbd.net/tphtml/bioxlab/bioxlab/assets/img/research/research-thumb-06.jpg]
[weblearnbd.net/tphtml/bioxlab/bioxlab/assets/img/research/research-thumb-07.jpg]
[weblearnbd.net/tphtml/bioxlab/bioxlab/assets/img/research/research-thumb-08.jpg]
[weblearnbd.net/tphtml/bioxlab/bioxlab/assets/img/research/research-thumb-09.jpg]
[weblearnbd.net/tphtml/bioxlab/bioxlab/research.html]
[weblearnbd.net/tphtml/bioxlab/bioxlab/assets/img/blog/sidebar/blog-sm-1.jpg]
[weblearnbd.net/tphtml/bioxlab/bioxlab/assets/img/blog/sidebar/blog-sm-2.jpg]
[weblearnbd.net/tphtml/bioxlab/bioxlab/assets/img/blog/sidebar/blog-sm-3.jpg]
[weblearnbd.net/tphtml/bioxlab/bioxlab/assets/img/blog/sidebar/blog-sm-4.jpg]
[weblearnbd.net/tphtml/bioxlab/bioxlab/blog.html]
[weblearnbd.net/tphtml/bioxlab/bioxlab/assets/img/blog/blog-details-meta-03.jpg]
[weblearnbd.net/tphtml/bioxlab/bioxlab/assets/img/blog/blog-details-meta-01.jpg]
[weblearnbd.net/tphtml/bioxlab/bioxlab/assets/img/blog/blog-details-meta-02.jpg]
[weblearnbd.net/tphtml/bioxlab/bioxlab/assets/img/blog/comments/comment-1.jpg]
[weblearnbd.net/tphtml/bioxlab/bioxlab/assets/img/blog/comments/comment-2.jpg]
[weblearnbd.net/tphtml/bioxlab/bioxlab/blog-details.html]
[weblearnbd.net/tphtml/bioxlab/bioxlab/assets/img/icon/contact-01.svg]
[weblearnbd.net/tphtml/bioxlab/bioxlab/assets/img/icon/contact-02.svg]
[weblearnbd.net/tphtml/bioxlab/bioxlab/assets/img/icon/contact-03.svg]
[weblearnbd.net/tphtml/bioxlab/bioxlab/contact.html]
[weblearnbd.net/tphtml/bioxlab/bioxlab/assets/js/jquery.js]
[weblearnbd.net/tphtml/bioxlab/bioxlab/assets/js/waypoints.js]
[weblearnbd.net/tphtml/bioxlab/bioxlab/assets/js/bootstrap.bundle.min.js]
[weblearnbd.net/tphtml/bioxlab/bioxlab/a.params.url]
[weblearnbd.net/tphtml/bioxlab/bioxlab/assets/js/swiper-bundle.js]
[weblearnbd.net/tphtml/bioxlab/bioxlab/assets/js/slick.js]
[weblearnbd.net/tphtml/bioxlab/bioxlab/assets/js/magnific-popup.js]
[weblearnbd.net/tphtml/bioxlab/bioxlab/assets/js/counterup.js]
[weblearnbd.net/tphtml/bioxlab/bioxlab/assets/js/wow.js]
[weblearnbd.net/tphtml/bioxlab/bioxlab/assets/js/isotope-pkgd.js]
[weblearnbd.net/tphtml/bioxlab/bioxlab/assets/js/imagesloaded-pkgd.js]
[weblearnbd.net/tphtml/bioxlab/bioxlab/assets/js/ajax-form.js]
[weblearnbd.net/tphtml/bioxlab/bioxlab/assets/js/aos.js]
[weblearnbd.net/tphtml/bioxlab/bioxlab/assets/js/meanmenu.js]
[weblearnbd.net/tphtml/bioxlab/bioxlab/assets/js/nice-select.js]
[weblearnbd.net/tphtml/bioxlab/bioxlab/assets/js/jquery.appear.js]
[weblearnbd.net/tphtml/bioxlab/bioxlab/assets/js/jquery.knob.js]
[weblearnbd.net/tphtml/bioxlab/bioxlab/assets/js/main.js]
[weblearnbd.net/tphtml/bioxlab/bioxlab/assets/fonts/fa-duotone-900.html]
[weblearnbd.net/tphtml/bioxlab/bioxlab/assets/fonts/fa-duotone-901.html]
[weblearnbd.net/tphtml/bioxlab/bioxlab/assets/fonts/index.html]
[weblearnbd.net/tphtml/bioxlab/bioxlab/assets/fonts/flaticon.html]
[weblearnbd.net/tphtml/bioxlab/bioxlab/assets/img/icon/contact-01.svg]
[weblearnbd.net/tphtml/bioxlab/bioxlab/assets/img/icon/contact-02.svg]
[weblearnbd.net/tphtml/bioxlab/bioxlab/assets/img/icon/contact-03.svg]
[weblearnbd.net/tphtml/bioxlab/bioxlab/a.params.html]
[weblearnbd.net/tphtml/bioxlab/bioxlab/dist/index.html]
[weblearnbd.net/tphtml/bioxlab/bioxlab/dist/index.html]
